// Vitest Snapshot v1, https://vitest.dev/guide/snapshot.html

exports[`renders ListView component > create snapshot of listview 1`] = `
{
  "asFragment": [Function],
  "baseElement": <body>
    <div>
      <div>
        <div
          class="listview-container"
        >
          <div
            class="wine-card-wrapper"
          >
            <a
              class="wineCard"
              href="/project1/product/133501"
            >
              <div>
                <img
                  alt="Tissot Vin Jaune La Vasée"
                  src="https://bilder.vinmonopolet.no/cache/300x300-0/133501-1.jpg"
                />
              </div>
              <h2
                class="wineName"
              >
                Tissot Vin Jaune La Vasée
              </h2>
            </a>
            <button
              class="favoriteButton"
            >
              Add to Favorites
            </button>
          </div>
          <div
            class="wine-card-wrapper"
          >
            <a
              class="wineCard"
              href="/project1/product/162701"
            >
              <div>
                <img
                  alt="Niepoort Bioma Vintage"
                  src="https://bilder.vinmonopolet.no/cache/300x300-0/162701-1.jpg"
                />
              </div>
              <h2
                class="wineName"
              >
                Niepoort Bioma Vintage
              </h2>
            </a>
            <button
              class="favoriteButton"
            >
              Add to Favorites
            </button>
          </div>
        </div>
        <div
          data-testid="favoriteButton"
          id="buttonDiv"
        />
      </div>
    </div>
  </body>,
  "container": <div>
    <div>
      <div
        class="listview-container"
      >
        <div
          class="wine-card-wrapper"
        >
          <a
            class="wineCard"
            href="/project1/product/133501"
          >
            <div>
              <img
                alt="Tissot Vin Jaune La Vasée"
                src="https://bilder.vinmonopolet.no/cache/300x300-0/133501-1.jpg"
              />
            </div>
            <h2
              class="wineName"
            >
              Tissot Vin Jaune La Vasée
            </h2>
          </a>
          <button
            class="favoriteButton"
          >
            Add to Favorites
          </button>
        </div>
        <div
          class="wine-card-wrapper"
        >
          <a
            class="wineCard"
            href="/project1/product/162701"
          >
            <div>
              <img
                alt="Niepoort Bioma Vintage"
                src="https://bilder.vinmonopolet.no/cache/300x300-0/162701-1.jpg"
              />
            </div>
            <h2
              class="wineName"
            >
              Niepoort Bioma Vintage
            </h2>
          </a>
          <button
            class="favoriteButton"
          >
            Add to Favorites
          </button>
        </div>
      </div>
      <div
        data-testid="favoriteButton"
        id="buttonDiv"
      />
    </div>
  </div>,
  "debug": [Function],
  "findAllByAltText": [Function],
  "findAllByDisplayValue": [Function],
  "findAllByLabelText": [Function],
  "findAllByPlaceholderText": [Function],
  "findAllByRole": [Function],
  "findAllByTestId": [Function],
  "findAllByText": [Function],
  "findAllByTitle": [Function],
  "findByAltText": [Function],
  "findByDisplayValue": [Function],
  "findByLabelText": [Function],
  "findByPlaceholderText": [Function],
  "findByRole": [Function],
  "findByTestId": [Function],
  "findByText": [Function],
  "findByTitle": [Function],
  "getAllByAltText": [Function],
  "getAllByDisplayValue": [Function],
  "getAllByLabelText": [Function],
  "getAllByPlaceholderText": [Function],
  "getAllByRole": [Function],
  "getAllByTestId": [Function],
  "getAllByText": [Function],
  "getAllByTitle": [Function],
  "getByAltText": [Function],
  "getByDisplayValue": [Function],
  "getByLabelText": [Function],
  "getByPlaceholderText": [Function],
  "getByRole": [Function],
  "getByTestId": [Function],
  "getByText": [Function],
  "getByTitle": [Function],
  "queryAllByAltText": [Function],
  "queryAllByDisplayValue": [Function],
  "queryAllByLabelText": [Function],
  "queryAllByPlaceholderText": [Function],
  "queryAllByRole": [Function],
  "queryAllByTestId": [Function],
  "queryAllByText": [Function],
  "queryAllByTitle": [Function],
  "queryByAltText": [Function],
  "queryByDisplayValue": [Function],
  "queryByLabelText": [Function],
  "queryByPlaceholderText": [Function],
  "queryByRole": [Function],
  "queryByTestId": [Function],
  "queryByText": [Function],
  "queryByTitle": [Function],
  "rerender": [Function],
  "unmount": [Function],
}
`;
